
> academic-saas-frontend@0.1.0 dev
> next dev --turbopack

   ▲ Next.js 15.4.1 (Turbopack)
   - Local:        http://localhost:3000
   - Network:      http://10.11.18.90:3000
   - Environments: .env.local

 ✓ Starting...
 ○ Compiling middleware ...
 ✓ Compiled middleware in 923ms
 ✓ Ready in 3.1s
 ○ Compiling / ...
 ✓ Compiled / in 7.7s
 GET / 200 in 8550ms
 ○ Compiling /favicon.ico ...
 GET /favicon.ico?favicon.45db1c09.ico 200 in 1738ms
 ✓ Compiled /favicon.ico in 1733ms
[next-auth][warn][DEBUG_ENABLED] 
https://next-auth.js.org/warnings#debug_enabled
 GET /api/auth/session 200 in 3109ms
 ○ Compiling /auth/login ...
 ✓ Compiled /auth/login in 1933ms
 GET /auth/login 200 in 2361ms
 GET /api/auth/session 200 in 306ms
 GET /api/auth/providers 200 in 116ms
 GET /api/auth/csrf 200 in 87ms
 POST /api/auth/callback/credentials 200 in 3175ms
 GET /api/auth/session 200 in 121ms
 ○ Compiling /dashboard ...
 ✓ Compiled /dashboard in 3.2s
 GET /dashboard 200 in 3328ms
 GET /api/auth/csrf 200 in 154ms
 POST /api/auth/session 200 in 72ms
 ○ Compiling /reports ...
 ✓ Compiled /reports in 1353ms
 GET /reports 200 in 1467ms
 GET /dashboard 200 in 81ms
 GET /dashboard 200 in 86ms
 GET /dashboard 200 in 82ms
 GET /dashboard 200 in 79ms
 GET /dashboard 200 in 78ms
 GET /dashboard 200 in 73ms
 GET /dashboard 200 in 78ms
 GET /dashboard 200 in 87ms
 GET /dashboard 200 in 79ms
 GET /dashboard 200 in 68ms
 GET /dashboard 200 in 117ms
 GET /dashboard 200 in 68ms
 GET /dashboard 200 in 69ms
 ○ Compiling /users ...
 ✓ Compiled /users in 1368ms
 GET /users 200 in 1507ms
 GET /users 200 in 251ms
 GET /users 200 in 195ms
 GET /users 200 in 108ms
 GET /dashboard 200 in 77ms
 ○ Compiling /schools ...
 ✓ Compiled /schools in 1007ms
 GET /schools 200 in 1119ms
 ○ Compiling /_not-found/page ...
 ✓ Compiled /_not-found/page in 635ms
 GET /profile 404 in 815ms
 GET /profile 404 in 184ms
 GET /api/auth/session 200 in 303ms
 GET /schools 200 in 598ms
 GET /api/auth/session 200 in 267ms
 GET /dashboard 200 in 96ms
 GET /api/auth/csrf 200 in 145ms
 POST /api/auth/session 200 in 70ms
 GET /users 200 in 78ms
 GET /dashboard 200 in 142ms
 GET /dashboard 200 in 75ms
 GET /dashboard 200 in 255ms
 GET /favicon.ico?favicon.45db1c09.ico 200 in 493ms
 GET /api/auth/session 200 in 375ms
 GET /api/auth/csrf 200 in 178ms
 POST /api/auth/session 200 in 71ms
 GET /dashboard 200 in 204ms
 GET /favicon.ico?favicon.45db1c09.ico 200 in 504ms
 GET /api/auth/session 200 in 362ms
 GET /api/auth/csrf 200 in 91ms
 POST /api/auth/session 200 in 200ms
 GET /dashboard 200 in 185ms
 GET /favicon.ico?favicon.45db1c09.ico 200 in 517ms
 GET /api/auth/session 200 in 390ms
 GET /api/auth/csrf 200 in 172ms
 POST /api/auth/session 200 in 100ms
 GET /schools 200 in 109ms
 GET /api/auth/session 200 in 227ms
 GET /schools 200 in 204ms
 GET /favicon.ico?favicon.45db1c09.ico 200 in 397ms
 GET /api/auth/session 200 in 402ms
 GET /dashboard 200 in 103ms
 GET /api/auth/csrf 200 in 156ms
 POST /api/auth/session 200 in 84ms
